Archive member included to satisfy reference by file (symbol)

c:/program files (x86)/atmel/studio/7.0/toolchain/avr8/avr8-gnu-toolchain/bin/../lib/gcc/avr/5.4.0/avr5\libgcc.a(_divmodhi4.o)
                              _TEAD_Aliens.o (__divmodhi4)
c:/program files (x86)/atmel/studio/7.0/toolchain/avr8/avr8-gnu-toolchain/bin/../lib/gcc/avr/5.4.0/avr5\libgcc.a(_udivmodsi4.o)
                              _USART_Driver.o (__udivmodsi4)
c:/program files (x86)/atmel/studio/7.0/toolchain/avr8/avr8-gnu-toolchain/bin/../lib/gcc/avr/5.4.0/avr5\libgcc.a(_divmodsi4.o)
                              _ADC_Driver.o (__divmodsi4)
c:/program files (x86)/atmel/studio/7.0/toolchain/avr8/avr8-gnu-toolchain/bin/../lib/gcc/avr/5.4.0/avr5\libgcc.a(_negsi2.o)
                              c:/program files (x86)/atmel/studio/7.0/toolchain/avr8/avr8-gnu-toolchain/bin/../lib/gcc/avr/5.4.0/avr5\libgcc.a(_divmodsi4.o) (__negsi2)
c:/program files (x86)/atmel/studio/7.0/toolchain/avr8/avr8-gnu-toolchain/bin/../lib/gcc/avr/5.4.0/avr5\libgcc.a(_exit.o)
                              C:/Program Files (x86)/Atmel/Studio/7.0/Packs/atmel/ATmega_DFP/1.6.364/gcc/dev/atmega64/avr5/crtatmega64.o (exit)
c:/program files (x86)/atmel/studio/7.0/toolchain/avr8/avr8-gnu-toolchain/bin/../lib/gcc/avr/5.4.0/avr5\libgcc.a(_copy_data.o)
                              _Kbd_Driver.o (__do_copy_data)
c:/program files (x86)/atmel/studio/7.0/toolchain/avr8/avr8-gnu-toolchain/bin/../lib/gcc/avr/5.4.0/avr5\libgcc.a(_clear_bss.o)
                              _ADC_Driver.o (__do_clear_bss)
c:/program files (x86)/atmel/studio/7.0/toolchain/avr8/avr8-gnu-toolchain/bin/../lib/gcc/avr/5.4.0/avr5\libgcc.a(_ctors.o)
                              _ADC_Driver.o (__do_global_ctors)
c:/program files (x86)/atmel/studio/7.0/toolchain/avr8/avr8-gnu-toolchain/bin/../lib/gcc/avr/5.4.0/avr5\libgcc.a(_dtors.o)
                              _ADC_Driver.o (__do_global_dtors)
c:/program files (x86)/atmel/studio/7.0/toolchain/avr8/avr8-gnu-toolchain/bin/../lib/gcc/avr/5.4.0/avr5\libgcc.a(_mulhisi3.o)
                              _MathI.o (__mulhisi3)
c:/program files (x86)/atmel/studio/7.0/toolchain/avr8/avr8-gnu-toolchain/bin/../lib/gcc/avr/5.4.0/avr5\libgcc.a(_umulhisi3.o)
                              c:/program files (x86)/atmel/studio/7.0/toolchain/avr8/avr8-gnu-toolchain/bin/../lib/gcc/avr/5.4.0/avr5\libgcc.a(_mulhisi3.o) (__umulhisi3)
c:/program files (x86)/atmel/studio/7.0/toolchain/avr8/avr8-gnu-toolchain/bin/../lib/gcc/avr/5.4.0/avr5\libgcc.a(_usmulhisi3.o)
                              c:/program files (x86)/atmel/studio/7.0/toolchain/avr8/avr8-gnu-toolchain/bin/../lib/gcc/avr/5.4.0/avr5\libgcc.a(_mulhisi3.o) (__usmulhisi3_tail)
c:/program files (x86)/atmel/studio/7.0/toolchain/avr8/avr8-gnu-toolchain/bin/../lib/gcc/avr/5.4.0/avr5\libgcc.a(_muluhisi3.o)
                              _Wave_Driver.o (__muluhisi3)
c:/program files (x86)/atmel/studio/7.0/toolchain/avr8/avr8-gnu-toolchain/bin/../lib/gcc/avr/5.4.0/avr5\libgcc.a(_udivmodhi4.o)
                              c:/program files (x86)/atmel/studio/7.0/toolchain/avr8/avr8-gnu-toolchain/bin/../lib/gcc/avr/5.4.0/avr5\libgcc.a(_divmodhi4.o) (__udivmodhi4)
c:/program files (x86)/atmel/studio/7.0/toolchain/avr8/avr8-gnu-toolchain/bin/../lib/gcc/avr/5.4.0/avr5\libgcc.a(_tablejump2.o)
                              c:/program files (x86)/atmel/studio/7.0/toolchain/avr8/avr8-gnu-toolchain/bin/../lib/gcc/avr/5.4.0/avr5\libgcc.a(_ctors.o) (__tablejump2__)
c:/program files (x86)/atmel/studio/7.0/toolchain/avr8/avr8-gnu-toolchain/bin/../lib/gcc/avr/5.4.0/../../../../avr/lib/avr5\libc.a(rand.o)
                              _TEAD_Aliens.o (rand)
c:/program files (x86)/atmel/studio/7.0/toolchain/avr8/avr8-gnu-toolchain/bin/../lib/gcc/avr/5.4.0/../../../../avr/lib/avr5\libc.a(memset.o)
                              _LED_Driver.o (memset)
c:/program files (x86)/atmel/studio/7.0/toolchain/avr8/avr8-gnu-toolchain/bin/../lib/gcc/avr/5.4.0/../../../../avr/lib/avr5\libc.a(strcmp.o)
                              _TEAD_Aliens.o (strcmp)
c:/program files (x86)/atmel/studio/7.0/toolchain/avr8/avr8-gnu-toolchain/bin/../lib/gcc/avr/5.4.0/../../../../avr/lib/avr5\libc.a(strcpy.o)
                              _TEAD_Aliens.o (strcpy)
c:/program files (x86)/atmel/studio/7.0/toolchain/avr8/avr8-gnu-toolchain/bin/../lib/gcc/avr/5.4.0/../../../../avr/lib/avr5\libc.a(sprintf.o)
                              _TEAD_Aliens.o (sprintf)
c:/program files (x86)/atmel/studio/7.0/toolchain/avr8/avr8-gnu-toolchain/bin/../lib/gcc/avr/5.4.0/../../../../avr/lib/avr5\libc.a(vfprintf_std.o)
                              c:/program files (x86)/atmel/studio/7.0/toolchain/avr8/avr8-gnu-toolchain/bin/../lib/gcc/avr/5.4.0/../../../../avr/lib/avr5\libc.a(sprintf.o) (vfprintf)
c:/program files (x86)/atmel/studio/7.0/toolchain/avr8/avr8-gnu-toolchain/bin/../lib/gcc/avr/5.4.0/../../../../avr/lib/avr5\libc.a(strnlen_P.o)
[...]
Memory Configuration

Name             Origin             Length             Attributes
text             0x00000000         0x00010000         xr
data             0x00800100         0x00001000         rw !x
eeprom           0x00810000         0x00000800         rw !x
fuse             0x00820000         0x00000003         rw !x
lock             0x00830000         0x00000400         rw !x
signature        0x00840000         0x00000400         rw !x
user_signatures  0x00850000         0x00000400         rw !x
*default*        0x00000000         0xffffffff

Linker script and memory map

Address of section .data set to 0x800100
LOAD C:/Program Files (x86)/Atmel/Studio/7.0/Packs/atmel/ATmega_DFP/1.6.364/gcc/dev/atmega64/avr5/crtatmega64.o
LOAD _ADC_Driver.o
LOAD _Circular_Queue.o
LOAD _I2C_Driver.o
LOAD _Kbd_Driver.o
LOAD _LED_Driver.o
LOAD _MathI.o
LOAD _TEAD_Aliens.o
LOAD _Port.o
LOAD _RTC.o
LOAD _Timer.o
LOAD _USART_Driver.o
LOAD _Wave_Driver.o
LOAD __Main.o
START GROUP
LOAD c:/program files (x86)/atmel/studio/7.0/toolchain/avr8/avr8-gnu-toolchain/bin/../lib/gcc/avr/5.4.0/../../../../avr/lib/avr5\libm.a
END GROUP
LOAD c:/program files (x86)/atmel/studio/7.0/toolchain/avr8/avr8-gnu-toolchain/bin/../lib/gcc/avr/5.4.0/avr5\libgcc.a
LOAD c:/program files (x86)/atmel/studio/7.0/toolchain/avr8/avr8-gnu-toolchain/bin/../lib/gcc/avr/5.4.0/../../../../avr/lib/avr5\libm.a
START GROUP
LOAD c:/program files (x86)/atmel/studio/7.0/toolchain/avr8/avr8-gnu-toolchain/bin/../lib/gcc/avr/5.4.0/avr5\libgcc.a
LOAD c:/program files (x86)/atmel/studio/7.0/toolchain/avr8/avr8-gnu-toolchain/bin/../lib/gcc/avr/5.4.0/../../../../avr/lib/avr5\libm.a
LOAD c:/program files (x86)/atmel/studio/7.0/toolchain/avr8/avr8-gnu-toolchain/bin/../lib/gcc/avr/5.4.0/../../../../avr/lib/avr5\libc.a
LOAD C:/Program Files (x86)/Atmel/Studio/7.0/Packs/atmel/ATmega_DFP/1.6.364/gcc/dev/atmega64/avr5\libatmega64.a
END GROUP
                0x00000000                __TEXT_REGION_ORIGIN__ = DEFINED (__TEXT_REGION_ORIGIN__)?__TEXT_REGION_ORIGIN__:0x0
                [0x00800100]                __DATA_REGION_ORIGIN__ = DEFINED (__DATA_REGION_ORIGIN__)?__DATA_REGION_ORIGIN__:0x800060
                [0x00010000]                __TEXT_REGION_LENGTH__ = DEFINED (__TEXT_REGION_LENGTH__)?__TEXT_REGION_LENGTH__:0x20000
                [0x00001000]                __DATA_REGION_LENGTH__ = DEFINED (__DATA_REGION_LENGTH__)?__DATA_REGION_LENGTH__:0xffa0
                [0x00000800]                __EEPROM_REGION_LENGTH__ = DEFINED (__EEPROM_REGION_LENGTH__)?__EEPROM_REGION_LENGTH__:0x10000
                [0x00000003]                __FUSE_REGION_LENGTH__ = DEFINED (__FUSE_REGION_LENGTH__)?__FUSE_REGION_LENGTH__:0x400
                0x00000400                __LOCK_REGION_LENGTH__ = DEFINED (__LOCK_REGION_LENGTH__)?__LOCK_REGION_LENGTH__:0x400
                0x00000400                __SIGNATURE_REGION_LENGTH__ = DEFINED (__SIGNATURE_REGION_LENGTH__)?__SIGNATURE_REGION_LENGTH__:0x400
                0x00000400                __USER_SIGNATURE_REGION_LENGTH__ = DEFINED (__USER_SIGNATURE_REGION_LENGTH__)?__USER_SIGNATURE_REGION_LENGTH__:0x400

.hash
 *(.hash)

.dynsym
 *(.dynsym)

.dynstr
 *(.dynstr)

.gnu.version
 *(.gnu.version)

.gnu.version_d
 *(.gnu.version_d)

.gnu.version_r
 *(.gnu.version_r)

.rel.init
 *(.rel.init)

.rela.init
 *(.rela.init)

.rel.text
 *(.rel.text)
 *(.rel.text.*)
 *(.rel.gnu.linkonce.t*)

.rela.text
 *(.rela.text)
 *(.rela.text.*)
 *(.rela.gnu.linkonce.t*)

.rel.fini
 *(.rel.fini)

.rela.fini
 *(.rela.fini)

.rel.rodata
 *(.rel.rodata)
 *(.rel.rodata.*)
 *(.rel.gnu.linkonce.r*)

.rela.rodata
 *(.rela.rodata)
 *(.rela.rodata.*)
 *(.rela.gnu.linkonce.r*)

.rel.data
 *(.rel.data)
 *(.rel.data.*)
 *(.rel.gnu.linkonce.d*)

.rela.data
 *(.rela.data)
 *(.rela.data.*)
 *(.rela.gnu.linkonce.d*)

.rel.ctors
 *(.rel.ctors)

.rela.ctors
 *(.rela.ctors)

.rel.dtors
 *(.rel.dtors)

.rela.dtors
 *(.rela.dtors)

.rel.got
 *(.rel.got)

.rela.got
 *(.rela.got)

.rel.bss
 *(.rel.bss)

.rela.bss
 *(.rela.bss)

.rel.plt
 *(.rel.plt)

.rela.plt
 *(.rela.plt)

.text           0x00000000     0xdb00
 *(.vectors)
 .vectors       0x00000000       0x8c C:/Program Files (x86)/Atmel/Studio/7.0/Packs/atmel/ATmega_DFP/1.6.364/gcc/dev/atmega64/avr5/crtatmega64.o
                0x00000000                __vector_default
                0x00000000                __vectors
 *(.vectors)
 *(.progmem.gcc*)
                0x0000008c                . = ALIGN (0x2)
                0x0000008c                __trampolines_start = .
 *(.trampolines)
 .trampolines   0x0000008c        0x0 linker stubs
 *(.trampolines*)
                0x0000008c                __trampolines_end = .
 *libprintf_flt.a:*(.progmem.data)
 *libc.a:*(.progmem.data)
 *(.progmem*)
 .progmem.data._ZL16_ASCII_Table_5X8
                0x0000008c      0x2f8 _LED_Driver.o
 .progmem.data._ZL16_ASCII_Table_3x5
                0x00000384       0xf0 _LED_Driver.o
 .progmem.data._ZZ28TEAD_showGameOverAndMessagesbE3__c_8
                0x00000474        0x5 _TEAD_Aliens.o
 .progmem.data._ZZ28TEAD_showGameOverAndMessagesbE3__c_7
                0x00000479        0x6 _TEAD_Aliens.o
 .progmem.data._ZZ28TEAD_showGameOverAndMessagesbE3__c_6
                0x0000047f        0x6 _TEAD_Aliens.o
 .progmem.data._ZZ28TEAD_showGameOverAndMessagesbE3__c_5
                0x00000485        0x6 _TEAD_Aliens.o
 .progmem.data._ZZ28TEAD_showGameOverAndMessagesbE3__c_4
                0x0000048b        0x6 _TEAD_Aliens.o
 .progmem.data._ZZ28TEAD_showGameOverAndMessagesbE3__c_3
                0x00000491        0x6 _TEAD_Aliens.o
 .progmem.data._ZZ28TEAD_showGameOverAndMessagesbE3__c_2
                0x00000497        0x6 _TEAD_Aliens.o
 .progmem.data._ZZ28TEAD_showGameOverAndMessagesbE3__c_1
                0x0000049d        0x6 _TEAD_Aliens.o
 .progmem.data._ZZ28TEAD_showGameOverAndMessagesbE3__c_0
                0x000004a3        0x6 _TEAD_Aliens.o
 .progmem.data._ZZ28TEAD_showGameOverAndMessagesbE3__c
                0x000004a9        0x6 _TEAD_Aliens.o
 .progmem.data._ZL18Wave_Tead_Aliens_2
                0x000004af     0x1b25 _TEAD_Aliens.o
 .progmem.data._ZL14Wave_Resetting
                0x00001fd4     0x11cf _TEAD_Aliens.o
 .progmem.data._ZL7Wave_ok
                0x000031a3      0xe98 _TEAD_Aliens.o
 .progmem.data._ZL11Wave_cancel
                0x0000403b     0x112a _TEAD_Aliens.o
 .progmem.data._ZL9Wave_Over
                0x00005165      0x6ec _TEAD_Aliens.o
 .progmem.data._ZL9Wave_Game
                0x00005851      0x7a2 _TEAD_Aliens.o
 .progmem.data._ZL22Wave_Mother_Ship_Sound
                0x00005ff3      0x2e2 _TEAD_Aliens.o
 .progmem.data._ZL18Wave_Alien_Sound_2
                0x000062d5      0x1a3 _TEAD_Aliens.o
 .progmem.data._ZL18Wave_Alien_Sound_1
                0x00006478      0x1c7 _TEAD_Aliens.o
 .progmem.data._ZL14Wave_Tik_Tak_1
                0x0000663f      0x18a _TEAD_Aliens.o
 .progmem.data._ZL19Wave_Ship_Explosion
                0x000067c9      0x952 _TEAD_Aliens.o
 .progmem.data._ZL15Wave_Canno_Fire
                0x0000711b      0x65c _TEAD_Aliens.o
 .progmem.data._ZL18Wave_tank_moving_2
                0x00007777      0x5ba _TEAD_Aliens.o
 .progmem.data._ZL9BMP_Reset
                0x00007d31       0x1a _TEAD_Aliens.o
 .progmem.data._ZL9BMP_cobra
                0x00007d4b       0x1a _TEAD_Aliens.o
 .progmem.data._ZL12BMP_Calendar
                0x00007d65       0x1a _TEAD_Aliens.o
 .progmem.data._ZL12BMP_clockSet
                0x00007d7f       0x1a _TEAD_Aliens.o
 .progmem.data._ZL10BMP_Clock2
                0x00007d99       0x1a _TEAD_Aliens.o
 .progmem.data._ZL9BMP_clock
                0x00007db3       0x1a _TEAD_Aliens.o
 .progmem.data._ZL16BMP_SHIP_DOT_2_3
                0x00007dcd       0x14 _TEAD_Aliens.o
 .progmem.data._ZL16BMP_SHIP_DOT_2_2
                0x00007de1       0x14 _TEAD_Aliens.o
 .progmem.data._ZL16BMP_SHIP_DOT_2_1
                0x00007df5       0x14 _TEAD_Aliens.o
 .progmem.data._ZL14BMP_SHIP_DOT_1
                0x00007e09       0x13 _TEAD_Aliens.o
 .progmem.data._ZL12BMP_Ship_3_2
                0x00007e1c       0x14 _TEAD_Aliens.o
 .progmem.data._ZL12BMP_Ship_3_1
                0x00007e30       0x14 _TEAD_Aliens.o
 .progmem.data._ZL12BMP_Ship_2_2
                0x00007e44       0x14 _TEAD_Aliens.o
 .progmem.data._ZL12BMP_Ship_2_1
                0x00007e58       0x14 _TEAD_Aliens.o
 .progmem.data._ZL12BMP_Ship_1_2
                0x00007e6c       0x14 _TEAD_Aliens.o
 .progmem.data._ZL12BMP_Ship_1_1
                0x00007e80       0x14 _TEAD_Aliens.o
 .progmem.data._ZL15BMP_Mother_Ship
                0x00007e94       0x14 _TEAD_Aliens.o
                0x00007ea8                . = ALIGN (0x2)
 *(.jumptables)
 *(.jumptables*)
 *(.lowtext)
 *(.lowtext*)
                0x00007ea8                __ctors_start = .
 *(.ctors)
 .ctors         0x00007ea8        0x2 _ADC_Driver.o
 .ctors         0x00007eaa        0x2 _I2C_Driver.o
 .ctors         0x00007eac        0x2 _Kbd_Driver.o
 .ctors         0x00007eae        0x2 _LED_Driver.o
 .ctors         0x00007eb0        0x2 _TEAD_Aliens.o
 .ctors         0x00007eb2        0x2 _RTC.o
 .ctors         0x00007eb4        0x2 _Timer.o
 .ctors         0x00007eb6        0x2 _Wave_Driver.o
                0x00007eb8                __ctors_end = .
                0x00007eb8                __dtors_start = .
 *(.dtors)
 .dtors         0x00007eb8        0x2 _ADC_Driver.o
 .dtors         0x00007eba        0x2 _Kbd_Driver.o
 .dtors         0x00007ebc        0x2 _LED_Driver.o
 .dtors         0x00007ebe        0x2 _TEAD_Aliens.o
 .dtors         0x00007ec0        0x2 _RTC.o
 .dtors         0x00007ec2        0x2 _Wave_Driver.o
                0x00007ec4                __dtors_end = .
 SORT(*)(.ctors)
 SORT(*)(.dtors)
 *(.init0)
 .init0         0x00007ec4        0x0 C:/Program Files (x86)/Atmel/Studio/7.0/Packs/atmel/ATmega_DFP/1.6.364/gcc/dev/atmega64/avr5/crtatmega64.o
                0x00007ec4                __init
 *(.init0)
 *(.init1)
 *(.init1)
 *(.init2)
 .init2         0x00007ec4        0xc C:/Program Files (x86)/Atmel/Studio/7.0/Packs/atmel/ATmega_DFP/1.6.364/gcc/dev/atmega64/avr5/crtatmega64.o
 *(.init2)
 *(.init3)
 *(.init3)
 *(.init4)
 .init4         0x00007ed0       0x16 c:/program files (x86)/atmel/studio/7.0/toolchain/avr8/avr8-gnu-toolchain/bin/../lib/gcc/avr/5.4.0/avr5\libgcc.a(_copy_data.o)
                0x00007ed0                __do_copy_data
 .init4         0x00007ee6       0x10 c:/program files (x86)/atmel/studio/7.0/toolchain/avr8/avr8-gnu-toolchain/bin/../lib/gcc/avr/5.4.0/avr5\libgcc.a(_clear_bss.o)
                0x00007ee6                __do_clear_bss
 *(.init4)
 *(.init5)
 *(.init5)
 *(.init6)
 .init6         0x00007ef6       0x16 c:/program files (x86)/atmel/studio/7.0/toolchain/avr8/avr8-gnu-toolchain/bin/../lib/gcc/avr/5.4.0/avr5\libgcc.a(_ctors.o)
                0x00007ef6                __do_global_ctors
 *(.init6)
 *(.init7)
 *(.init7)
 *(.init8)
 *(.init8)
 *(.init9)
 .init9         0x00007f0c        0x8 C:/Program Files (x86)/Atmel/Studio/7.0/Packs/atmel/ATmega_DFP/1.6.364/gcc/dev/atmega64/avr5/crtatmega64.o
 *(.init9)
 *(.text)
 .text          0x00007f14        0x4 C:/Program Files (x86)/Atmel/Studio/7.0/Packs/atmel/ATmega_DFP/1.6.364/gcc/dev/atmega64/avr5/crtatmega64.o
                0x00007f14                __vector_22
                0x00007f14                __vector_28
                0x00007f14                __vector_1
                0x00007f14                __vector_32
                0x00007f14                __vector_34
                0x00007f14                __vector_24
                0x00007f14                __bad_interrupt
                0x00007f14                __vector_31
                0x00007f14                __vector_3
                0x00007f14                __vector_23
                0x00007f14                __vector_25
                0x00007f14                __vector_11
                0x00007f14                __vector_13
                0x00007f14                __vector_17
                0x00007f14                __vector_19
                0x00007f14                __vector_7
                0x00007f14                __vector_27
                0x00007f14                __vector_5
                0x00007f14                __vector_33
                0x00007f14                __vector_4
                0x00007f14                __vector_9
                0x00007f14                __vector_2
                0x00007f14                __vector_21
                0x00007f14                __vector_15
                0x00007f14                __vector_29
                0x00007f14                __vector_8
                0x00007f14                __vector_26
                0x00007f14                __vector_14
                0x00007f14                __vector_10
                0x00007f14                __vector_16
                0x00007f14                __vector_20
                0x00007f18                . = ALIGN (0x2)
 *(.text.*)
 .text._ZN9class_ADC13ADCInitializeEh
                0x00007f18       0x6a _ADC_Driver.o
                0x00007f18                _ZN9class_ADC13ADCInitializeEh
 .text._ZN9class_ADC10InitializeEv
                0x00007f82       0x26 _ADC_Driver.o
                0x00007f82                _ZN9class_ADC10InitializeEv
 .text._ZN9class_ADC12UnInitializeEv
                0x00007fa8        0xc _ADC_Driver.o
                0x00007fa8                _ZN9class_ADC12UnInitializeEv
 .text._ZN9class_ADCC2Ev
                0x00007fb4       0x14 _ADC_Driver.o
                0x00007fb4                _ZN9class_ADCC1Ev
                0x00007fb4                _ZN9class_ADCC2Ev
 .text._ZN9class_ADCD2Ev
                0x00007fc8        0x4 _ADC_Driver.o
                0x00007fc8                _ZN9class_ADCD2Ev
                0x00007fc8                _ZN9class_ADCD1Ev
 .text._ZN9class_ADC8getValueE10ADCChannel
                0x00007fcc       0x2c _ADC_Driver.o
                0x00007fcc                _ZN9class_ADC8getValueE10ADCChannel
 .text._ZN9class_ADC9calibrateEv
                0x00007ff8       0xd0 _ADC_Driver.o
                0x00007ff8                _ZN9class_ADC9calibrateEv
 .text._ZN9class_ADC5getXYERiS0_
                0x000080c8       0x56 _ADC_Driver.o
                0x000080c8                _ZN9class_ADC5getXYERiS0_
 .text._ZN9class_ADC7getKeysER7ADCKeyXR7ADCKeyYR8ADCKeySW
                0x0000811e       0x98 _ADC_Driver.o
                0x0000811e                _ZN9class_ADC7getKeysER7ADCKeyXR7ADCKeyYR8ADCKeySW
 .text.startup._GLOBAL__sub_I__ZN9class_ADC13ADCInitializeEh
                0x000081b6        0x8 _ADC_Driver.o
 .text.exit._GLOBAL__sub_D__ZN9class_ADC13ADCInitializeEh
                0x000081be        0x8 _ADC_Driver.o
 .text._ZN9class_I2C12UnInitializeEv
                0x000081c6       0x14 _I2C_Driver.o
                0x000081c6                _ZN9class_I2C12UnInitializeEv
 .text._ZN9class_I2CC2Ev
                0x000081da        0xa _I2C_Driver.o
                0x000081da                _ZN9class_I2CC1Ev
                0x000081da                _ZN9class_I2CC2Ev
 .text._ZN9class_I2CD2Ev
                0x000081e4        0x4 _I2C_Driver.o
                0x000081e4                _ZN9class_I2CD1Ev
                0x000081e4                _ZN9class_I2CD2Ev
 .text._ZN9class_I2C8setSpeedE8I2CSpeed
                0x000081e8        0xa _I2C_Driver.o
                0x000081e8                _ZN9class_I2C8setSpeedE8I2CSpeed
 .text._ZN9class_I2C9I2C_DelayEv
                0x000081f2       0x3c _I2C_Driver.o
                0x000081f2                _ZN9class_I2C9I2C_DelayEv
 .text._ZN9class_I2C5StartEv
                0x0000822e       0x10 _I2C_Driver.o
                0x0000822e                _ZN9class_I2C5StartEv
 .text._ZN9class_I2C4StopEv
                0x0000823e       0x10 _I2C_Driver.o
                0x0000823e                _ZN9class_I2C4StopEv
 .text._ZN9class_I2C6BitOutEh
                0x0000824e       0x1a _I2C_Driver.o
                0x0000824e                _ZN9class_I2C6BitOutEh
 .text._ZN9class_I2C7ByteOutEh
                0x00008268       0x22 _I2C_Driver.o
                0x00008268                _ZN9class_I2C7ByteOutEh
 .text._ZN9class_I2C5AckInEv
                0x0000828a       0x20 _I2C_Driver.o
                0x0000828a                _ZN9class_I2C5AckInEv
 .text._ZN9class_I2C6ByteInEv
                0x000082aa       0x26 _I2C_Driver.o
                0x000082aa                _ZN9class_I2C6ByteInEv
 .text._ZN9class_I2C6AckOutEh
                0x000082d0        0x4 _I2C_Driver.o
                0x000082d0                _ZN9class_I2C6AckOutEh
 .text.startup._GLOBAL__sub_I__ZN9class_I2C10InitializeEv
                0x000082d4        0x8 _I2C_Driver.o
 .text._ZN9class_KBD10InitializeEv
                0x000082dc       0x12 _Kbd_Driver.o
                0x000082dc                _ZN9class_KBD10InitializeEv
 .text._ZN9class_KBD12UnInitializeEv
                0x000082ee       0x14 _Kbd_Driver.o
                0x000082ee                _ZN9class_KBD12UnInitializeEv
 .text._ZN9class_KBDC2Ev
                0x00008302        0x4 _Kbd_Driver.o
                0x00008302                _ZN9class_KBDC2Ev
                0x00008302                _ZN9class_KBDC1Ev
 .text._ZN9class_KBDD2Ev
                0x00008306        0x4 _Kbd_Driver.o
                0x00008306                _ZN9class_KBDD2Ev
                0x00008306                _ZN9class_KBDD1Ev
 .text._ZN9class_KBD11getKbdStateEv
                0x0000830a       0x6e _Kbd_Driver.o
                0x0000830a                _ZN9class_KBD11getKbdStateEv
 .text._ZN9class_KBD14waitKbdReleaseEv
                0x00008378       0x28 _Kbd_Driver.o
                0x00008378                _ZN9class_KBD14waitKbdReleaseEv
 .text._ZN9class_KBD11getKbdASCIIEb
                0x000083a0       0x36 _Kbd_Driver.o
                0x000083a0                _ZN9class_KBD11getKbdASCIIEb
 .text.startup._GLOBAL__sub_I__Kbd
                0x000083d6        0x8 _Kbd_Driver.o
 .text.exit._GLOBAL__sub_D__Kbd
                0x000083de        0x8 _Kbd_Driver.o
 .text._ZN9class_LED12UnInitializeEv
                0x000083e6        0xc _LED_Driver.o
                0x000083e6                _ZN9class_LED12UnInitializeEv
 .text._ZN9class_LED9clearRowsEv
                0x000083f2        0xa _LED_Driver.o
                0x000083f2                _ZN9class_LED9clearRowsEv
 .text._ZN9class_LEDD2Ev
                0x000083fc        0x4 _LED_Driver.o
                0x000083fc                _ZN9class_LEDD2Ev
                0x000083fc                _ZN9class_LEDD1Ev
 .text._ZN9class_LED9setColumnEh
                0x00008400       0x34 _LED_Driver.o
                0x00008400                _ZN9class_LED9setColumnEh
 .text._ZN9class_LED7processEv
                0x00008434       0x58 _LED_Driver.o
                0x00008434                _ZN9class_LED7processEv
 .text._ZN9class_LED3clsEb
                0x0000848c       0x52 _LED_Driver.o
                0x0000848c                _ZN9class_LED3clsEb
 .text._ZN9class_LED10InitializeEv
                0x000084de       0xb6 _LED_Driver.o
                0x000084de                _ZN9class_LED10InitializeEv
 .text._ZN9class_LEDC2E11RefreshMode
                0x00008594       0x1e _LED_Driver.o
                0x00008594                _ZN9class_LEDC1E11RefreshMode
                0x00008594                _ZN9class_LEDC2E11RefreshMode
 .text._ZN9class_LED12getCharWidthEv
                0x000085b2       0x20 _LED_Driver.o
                0x000085b2                _ZN9class_LED12getCharWidthEv
 .text._ZN9class_LED13getCharHeightEv
                0x000085d2       0x20 _LED_Driver.o
                0x000085d2                _ZN9class_LED13getCharHeightEv
 .text._ZN9class_LED8setPixelEii5Color
                0x000085f2       0x84 _LED_Driver.o
                0x000085f2                _ZN9class_LED8setPixelEii5Color
 .text._ZN9class_LED8getPixelEii
                0x00008676       0x78 _LED_Driver.o
                0x00008676                _ZN9class_LED8getPixelEii
 .text._ZN9class_LED7refreshEv
                0x000086ee       0x26 _LED_Driver.o
                0x000086ee                _ZN9class_LED7refreshEv
 .text._ZN9class_LED11setFillModeEb
                0x00008714        0x6 _LED_Driver.o
                0x00008714                _ZN9class_LED11setFillModeEb
 .text._ZN9class_LED11getFillModeEv
                0x0000871a        0x6 _LED_Driver.o
                0x0000871a                _ZN9class_LED11getFillModeEv
 .text._ZN9class_LED15setCharFillModeEb
                0x00008720        0x6 _LED_Driver.o
                0x00008720                _ZN9class_LED15setCharFillModeEb
 .text._ZN9class_LED6setPenE8enum_Pen
                0x00008726        0xa _LED_Driver.o
                0x00008726                _ZN9class_LED6setPenE8enum_Pen
 .text._ZN9class_LED4lineEiiii5Color
                0x00008730      0x1ac _LED_Driver.o
                0x00008730                _ZN9class_LED4lineEiiii5Color
 .text._ZN9class_LED6plotP8Eiiii5Color
                0x000088dc      0x182 _LED_Driver.o
                0x000088dc                _ZN9class_LED6plotP8Eiiii5Color
 .text._ZN9class_LED6moveToEii
                0x00008a5e        0xe _LED_Driver.o
                0x00008a5e                _ZN9class_LED6moveToEii
 .text._ZN9class_LED6circleEiii5Color
                0x00008a6c       0xb6 _LED_Driver.o
                0x00008a6c                _ZN9class_LED6circleEiii5Color
 .text._ZN9class_LED9rectangleEiiii5Color
                0x00008b22       0xca _LED_Driver.o
                0x00008b22                _ZN9class_LED9rectangleEiiii5Color
 .text._ZN9class_LED7setFontE8CharFont
                0x00008bec        0x6 _LED_Driver.o
                0x00008bec                _ZN9class_LED7setFontE8CharFont
 .text._ZN9class_LED7getFontEv
                0x00008bf2        0x6 _LED_Driver.o
                0x00008bf2                _ZN9class_LED7getFontEv
 .text._ZN9class_LED4putCEc5Color
                0x00008bf8      0x328 _LED_Driver.o
                0x00008bf8                _ZN9class_LED4putCEc5Color
 .text._ZN9class_LED4putSEPKc5Color
                0x00008f20       0x5c _LED_Driver.o
                0x00008f20                _ZN9class_LED4putSEPKc5Color
 .text._ZN9class_LED5putSFEPKc
                0x00008f7c       0x5a _LED_Driver.o
                0x00008f7c                _ZN9class_LED5putSFEPKc
 .text._ZN9class_LED12getBMPHeightEPKh
                0x00008fd6        0xa _LED_Driver.o
                0x00008fd6                _ZN9class_LED12getBMPHeightEPKh
 .text._ZN9class_LED11getBMPWidthEPKh
                0x00008fe0        0x4 _LED_Driver.o
                0x00008fe0                _ZN9class_LED11getBMPWidthEPKh
 .text._ZN9class_LED3bmpEiiPKhb
                0x00008fe4      0x1ae _LED_Driver.o
                0x00008fe4                _ZN9class_LED3bmpEiiPKhb
 .text._ZN9class_LED12getTextWidthEPKc
                0x00009192       0x52 _LED_Driver.o
                0x00009192                _ZN9class_LED12getTextWidthEPKc
 .text.startup._GLOBAL__sub_I__ZN9class_LED10InitializeEv
                0x000091e4        0x8 _LED_Driver.o
 .text.exit._GLOBAL__sub_D__ZN9class_LED10InitializeEv
                0x000091ec        0x8 _LED_Driver.o
 .text._ZL10playCancelv
                0x000091f4       0x12 _TEAD_Aliens.o
 .text._ZL6playOkv
                0x00009206       0x12 _TEAD_Aliens.o
 .text._ZL5Resetv
                0x00009218       0x78 _TEAD_Aliens.o
 .text._ZL9ShowClockh
                0x00009290      0x226 _TEAD_Aliens.o
 .text._ZL13scrollMessagePKcii.constprop.10
                0x000094b6       0x7a _TEAD_Aliens.o
 .text._Z13TEAD_delayKeyj
                0x00009530       0x68 _TEAD_Aliens.o
                0x00009530                _Z13TEAD_delayKeyj
 .text._Z17TEAD_initBarriersv
                0x00009598       0x5c _TEAD_Aliens.o
                0x00009598                _Z17TEAD_initBarriersv
 .text._Z19TEAD_initSpaceShipsv
                0x000095f4      0x222 _TEAD_Aliens.o
                0x000095f4                _Z19TEAD_initSpaceShipsv
 .text._Z19TEAD_drawSpaceShipsb
                0x00009816       0x68 _TEAD_Aliens.o
                0x00009816                _Z19TEAD_drawSpaceShipsb
 .text._Z19TEAD_drawMotherShipv
                0x0000987e       0x1e _TEAD_Aliens.o
                0x0000987e                _Z19TEAD_drawMotherShipv
 .text._Z15TEAD_drawCannon5Color
                0x0000989c       0x92 _TEAD_Aliens.o
                0x0000989c                _Z15TEAD_drawCannon5Color
 .text._Z14TEAD_drawLivesv
                0x0000992e       0x82 _TEAD_Aliens.o
                0x0000992e                _Z14TEAD_drawLivesv
 .text._Z22TEAD_processCannonMovev
                0x000099b0       0xf2 _TEAD_Aliens.o
                0x000099b0                _Z22TEAD_processCannonMovev
 .text._Z17TEAD_getShipsMaxYv
                0x00009aa2       0x30 _TEAD_Aliens.o
                0x00009aa2                _Z17TEAD_getShipsMaxYv
 .text._Z17TEAD_getShipsMinYv
                0x00009ad2       0x30 _TEAD_Aliens.o
                0x00009ad2                _Z17TEAD_getShipsMinYv
 .text._Z17TEAD_getShipsMaxXv
                0x00009b02       0x38 _TEAD_Aliens.o
                0x00009b02                _Z17TEAD_getShipsMaxXv
 .text._Z17TEAD_getShipsMinXv
                0x00009b3a       0x26 _TEAD_Aliens.o
                0x00009b3a                _Z17TEAD_getShipsMinXv
 .text._Z17TEAD_drawBarriersv
                0x00009b60       0x34 _TEAD_Aliens.o
                0x00009b60                _Z17TEAD_drawBarriersv
 .text._Z17TEAD_updateScreenv
                0x00009b94       0x66 _TEAD_Aliens.o
                0x00009b94                _Z17TEAD_updateScreenv
 .text._Z19TEAD_initializeGamebbb
                0x00009bfa      0x1c6 _TEAD_Aliens.o
                0x00009bfa                _Z19TEAD_initializeGamebbb
 .text._Z18TEAD_showExplosionaaaba
                0x00009dc0      0x1f8 _TEAD_Aliens.o
                0x00009dc0                _Z18TEAD_showExplosionaaaba
 .text._Z26TEAD_processFireFromCannonv
                0x00009fb8      0x344 _TEAD_Aliens.o
                0x00009fb8                _Z26TEAD_processFireFromCannonv
 .text._Z20SCORES_getFromEEPROMv
                0x0000a2fc       0x40 _TEAD_Aliens.o
                0x0000a2fc                _Z20SCORES_getFromEEPROMv
 .text._Z15TEAD_drawScoresii
                0x0000a33c       0xe0 _TEAD_Aliens.o
                0x0000a33c                _Z15TEAD_drawScoresii
 .text._Z24TEAD_showScoresAnimationv
                0x0000a41c      0x174 _TEAD_Aliens.o
                0x0000a41c                _Z24TEAD_showScoresAnimationv
 .text._Z16TEAD_showCurtainv
                0x0000a590       0x68 _TEAD_Aliens.o
                0x0000a590                _Z16TEAD_showCurtainv
 .text._Z19TEAD_getShipsAlivesv
                0x0000a5f8       0xe4 _TEAD_Aliens.o
                0x0000a5f8                _Z19TEAD_getShipsAlivesv
 .text._Z28TEAD_processShipsHitBarriersv
                0x0000a6dc       0x76 _TEAD_Aliens.o
                0x0000a6dc                _Z28TEAD_processShipsHitBarriersv
 .text._Z35TEAD_processMotherShipAppearAndMovev
                0x0000a752       0xb0 _TEAD_Aliens.o
                0x0000a752                _Z35TEAD_processMotherShipAppearAndMovev
 .text._Z16COBRA_plotNewDotRaS_
                0x0000a802       0x84 _TEAD_Aliens.o
                0x0000a802                _Z16COBRA_plotNewDotRaS_
 .text._Z14COBRA_MainGamev
                0x0000a886      0x652 _TEAD_Aliens.o
                0x0000a886                _Z14COBRA_MainGamev
 .text._Z13TEAD_MainGameb
                0x0000aed8      0x8d8 _TEAD_Aliens.o
                0x0000aed8                _Z13TEAD_MainGameb
 .text._Z28TEAD_showGameOverAndMessagesb
                0x0000b7b0      0x606 _TEAD_Aliens.o
                0x0000b7b0                _Z28TEAD_showGameOverAndMessagesb
 .text._Z21TEAD_processShipsMovev
                0x0000bdb6      0x20c _TEAD_Aliens.o
                0x0000bdb6                _Z21TEAD_processShipsMovev
 .text._Z24TEAD_showCannonExplosionv
                0x0000bfc2       0x7c _TEAD_Aliens.o
                0x0000bfc2                _Z24TEAD_showCannonExplosionv
 .text._Z26TEAD_processShipsHitCannonv
                0x0000c03e       0x7c _TEAD_Aliens.o
                0x0000c03e                _Z26TEAD_processShipsHitCannonv
 .text._Z25TEAD_processFireFromShipsv
                0x0000c0ba      0x33a _TEAD_Aliens.o
                0x0000c0ba                _Z25TEAD_processFireFromShipsv
 .text.startup._GLOBAL__sub_I_e_Scores
                0x0000c3f4       0x6c _TEAD_Aliens.o
 .text.exit._GLOBAL__sub_D_e_Scores
                0x0000c460       0x30 _TEAD_Aliens.o
 .text._ZN9class_RTC10InitializeEv
                0x0000c490       0x6c _RTC.o
                0x0000c490                _ZN9class_RTC10InitializeEv
 .text._ZN9class_RTC12UnInitializeEv
                0x0000c4fc        0x8 _RTC.o
                0x0000c4fc                _ZN9class_RTC12UnInitializeEv
 .text._ZN9class_RTCD2Ev
                0x0000c504        0x4 _RTC.o
                0x0000c504                _ZN9class_RTCD2Ev
                0x0000c504                _ZN9class_RTCD1Ev
 .text.__vector_6
                0x0000c508      0x134 _RTC.o
                0x0000c508                __vector_6
 .text._ZN9class_RTC9GetSecondEv
                0x0000c63c        0x6 _RTC.o
                0x0000c63c                _ZN9class_RTC9GetSecondEv
 .text._ZN9class_RTC9GetMinuteEv
                0x0000c642        0x6 _RTC.o
                0x0000c642                _ZN9class_RTC9GetMinuteEv
 .text._ZN9class_RTC8writeRegE6RTCReghb
                0x0000c648       0x66 _RTC.o
                0x0000c648                _ZN9class_RTC8writeRegE6RTCReghb
 .text._ZN9class_RTC7readRegE6RTCRegRhb
                0x0000c6ae       0x80 _RTC.o
                0x0000c6ae                _ZN9class_RTC7readRegE6RTCRegRhb
 .text._ZN9class_RTC8binToBCDEi
                0x0000c72e       0x90 _RTC.o
                0x0000c72e                _ZN9class_RTC8binToBCDEi
 .text._ZN9class_RTC7SetTimeEhhhb
                0x0000c7be       0x64 _RTC.o
                0x0000c7be                _ZN9class_RTC7SetTimeEhhhb
 .text._ZN9class_RTC8bcdToBinEj
                0x0000c822       0x3c _RTC.o
                0x0000c822                _ZN9class_RTC8bcdToBinEj
 .text._ZN9class_RTC7GetTimeERhS0_S0_b.part.1
                0x0000c85e       0x9e _RTC.o
 .text._ZN9class_RTC7GetTimeERhS0_S0_b
                0x0000c8fc       0x40 _RTC.o
                0x0000c8fc                _ZN9class_RTC7GetTimeERhS0_S0_b
 .text._ZN9class_RTC7GetDateERhS0_S0_S0_b.part.2
                0x0000c93c       0xa4 _RTC.o
 .text._ZN9class_RTCC2Ev
                0x0000c9e0       0x8a _RTC.o
                0x0000c9e0                _ZN9class_RTCC1Ev
                0x0000c9e0                _ZN9class_RTCC2Ev
 .text._ZN9class_RTC7setDateEhhhhb
                0x0000ca6a       0x7a _RTC.o
                0x0000ca6a                _ZN9class_RTC7setDateEhhhhb
 .text._ZN9class_RTC7GetDateERhS0_S0_S0_b
                0x0000cae4       0x3e _RTC.o
                0x0000cae4                _ZN9class_RTC7GetDateERhS0_S0_S0_b
 .text.startup._GLOBAL__sub_I__RTC
                0x0000cb22       0x10 _RTC.o
 .text.exit._GLOBAL__sub_D__RTC
                0x0000cb32       0x10 _RTC.o
 .text._ZN11class_Timer10InitializeEv
                0x0000cb42       0x3e _Timer.o
                0x0000cb42                _ZN11class_Timer10InitializeEv
 .text._ZN11class_Timer12UnInitializeEv
                0x0000cb80        0xe _Timer.o
                0x0000cb80                _ZN11class_Timer12UnInitializeEv
 .text._ZN11class_TimerC2Ev
                0x0000cb8e       0x12 _Timer.o
                0x0000cb8e                _ZN11class_TimerC2Ev
                0x0000cb8e                _ZN11class_TimerC1Ev
 .text._ZN11class_TimerD2Ev
                0x0000cba0        0x4 _Timer.o
                0x0000cba0                _ZN11class_TimerD2Ev
                0x0000cba0                _ZN11class_TimerD1Ev
 .text.__vector_12
                0x0000cba4       0x9e _Timer.o
                0x0000cba4                __vector_12
 .text._ZN11class_Timer15getMillisecondsEv
                0x0000cc42       0x38 _Timer.o
                0x0000cc42                _ZN11class_Timer15getMillisecondsEv
 .text._ZN11class_Timer10setElapsedERm
                0x0000cc7a       0x18 _Timer.o
                0x0000cc7a                _ZN11class_Timer10setElapsedERm
 .text._ZN11class_Timer10getElapsedERm
                0x0000cc92       0x28 _Timer.o
                0x0000cc92                _ZN11class_Timer10getElapsedERm
 .text._ZN11class_Timer17delayMillisecondsEm
                0x0000ccba       0x54 _Timer.o
                0x0000ccba                _ZN11class_Timer17delayMillisecondsEm
 .text._ZN11class_Timer17setHandleCallBackEPFvvE
                0x0000cd0e        0xa _Timer.o
                0x0000cd0e                _ZN11class_Timer17setHandleCallBackEPFvvE
 .text._ZN11class_Timer17getHandleCallBackEa
                0x0000cd18        0xa _Timer.o
                0x0000cd18                _ZN11class_Timer17getHandleCallBackEa
 .text.startup._GLOBAL__sub_I__ZN11class_Timer10InitializeEv
                0x0000cd22       0x14 _Timer.o
 .text.__vector_18
                0x0000cd36       0x80 _USART_Driver.o
                0x0000cd36                __vector_18
 .text.__vector_30
                0x0000cdb6       0x86 _USART_Driver.o
                0x0000cdb6                __vector_30
 .text._ZL11getWaveDatah
                0x0000ce3c       0xb0 _Wave_Driver.o
 .text._ZN10class_Wave12SoundProcessEv
                0x0000ceec      0x108 _Wave_Driver.o
                0x0000ceec                _ZN10class_Wave12SoundProcessEv
 .text._ZN10class_Wave12UnInitializeEv
                0x0000cff4        0xc _Wave_Driver.o
                0x0000cff4                _ZN10class_Wave12UnInitializeEv
 .text._ZN10class_WaveD2Ev
                0x0000d000        0x4 _Wave_Driver.o
                0x0000d000                _ZN10class_WaveD1Ev
                0x0000d000                _ZN10class_WaveD2Ev
 .text._ZN10class_Wave7PlayingE11WaveChannel
                0x0000d004       0x20 _Wave_Driver.o
                0x0000d004                _ZN10class_Wave7PlayingE11WaveChannel
 .text._ZN10class_Wave7PrepareEPKh11WaveChannel
                0x0000d024      0x134 _Wave_Driver.o
                0x0000d024                _ZN10class_Wave7PrepareEPKh11WaveChannel
 .text._ZN10class_Wave4PlayE11WaveChannel8PlayMode
                0x0000d158       0x6e _Wave_Driver.o
                0x0000d158                _ZN10class_Wave4PlayE11WaveChannel8PlayMode
 .text._ZN10class_Wave9UnprepareE11WaveChannel
                0x0000d1c6       0x32 _Wave_Driver.o
                0x0000d1c6                _ZN10class_Wave9UnprepareE11WaveChannel
 .text._ZN10class_Wave9SetVolumeEi
                0x0000d1f8       0x30 _Wave_Driver.o
                0x0000d1f8                _ZN10class_Wave9SetVolumeEi
 .text._ZN10class_Wave10InitializeEv
                0x0000d228       0x5e _Wave_Driver.o
                0x0000d228                _ZN10class_Wave10InitializeEv
 .text._ZN10class_WaveC2Ev
                0x0000d286        0x4 _Wave_Driver.o
                0x0000d286                _ZN10class_WaveC1Ev
                0x0000d286                _ZN10class_WaveC2Ev
 .text._ZN10class_Wave10setToneGenEjjh
                0x0000d28a       0x20 _Wave_Driver.o
                0x0000d28a                _ZN10class_Wave10setToneGenEjjh
 .text.startup._GLOBAL__sub_I__Wave
                0x0000d2aa       0x34 _Wave_Driver.o
 .text.exit._GLOBAL__sub_D__Wave
                0x0000d2de        0x8 _Wave_Driver.o
 .text.startup.main
                0x0000d2e6        0xa __Main.o
                0x0000d2e6                main
 .text.libgcc.div
                0x0000d2f0       0x28 c:/program files (x86)/atmel/studio/7.0/toolchain/avr8/avr8-gnu-toolchain/bin/../lib/gcc/avr/5.4.0/avr5\libgcc.a(_divmodhi4.o)
                0x0000d2f0                _div
                0x0000d2f0                __divmodhi4
 .text.libgcc.div
                0x0000d318       0x44 c:/program files (x86)/atmel/studio/7.0/toolchain/avr8/avr8-gnu-toolchain/bin/../lib/gcc/avr/5.4.0/avr5\libgcc.a(_udivmodsi4.o)
                0x0000d318                __udivmodsi4
 .text.libgcc.div
                0x0000d35c       0x2e c:/program files (x86)/atmel/studio/7.0/toolchain/avr8/avr8-gnu-toolchain/bin/../lib/gcc/avr/5.4.0/avr5\libgcc.a(_divmodsi4.o)
                0x0000d35c                __divmodsi4
 .text.libgcc.div
                0x0000d38a       0x10 c:/program files (x86)/atmel/studio/7.0/toolchain/avr8/avr8-gnu-toolchain/bin/../lib/gcc/avr/5.4.0/avr5\libgcc.a(_negsi2.o)
                0x0000d38a                __negsi2
 .text.libgcc.mul
                0x0000d39a       0x1e c:/program files (x86)/atmel/studio/7.0/toolchain/avr8/avr8-gnu-toolchain/bin/../lib/gcc/avr/5.4.0/avr5\libgcc.a(_umulhisi3.o)
                0x0000d39a                __umulhisi3
 .text.libgcc.mul
                0x0000d3b8       0x16 c:/program files (x86)/atmel/studio/7.0/toolchain/avr8/avr8-gnu-toolchain/bin/../lib/gcc/avr/5.4.0/avr5\libgcc.a(_muluhisi3.o)
                0x0000d3b8                __muluhisi3
 .text.libgcc.div
                0x0000d3ce       0x28 c:/program files (x86)/atmel/studio/7.0/toolchain/avr8/avr8-gnu-toolchain/bin/../lib/gcc/avr/5.4.0/avr5\libgcc.a(_udivmodhi4.o)
                0x0000d3ce                __udivmodhi4
 .text.libgcc   0x0000d3f6        0xc c:/program files (x86)/atmel/studio/7.0/toolchain/avr8/avr8-gnu-toolchain/bin/../lib/gcc/avr/5.4.0/avr5\libgcc.a(_tablejump2.o)
                0x0000d3f6                __tablejump2__
 .text.avr-libc
                0x0000d402       0xb8 c:/program files (x86)/atmel/studio/7.0/toolchain/avr8/avr8-gnu-toolchain/bin/../lib/gcc/avr/5.4.0/../../../../avr/lib/avr5\libc.a(rand.o)
                0x0000d494                rand_r
                0x0000d49a                rand
                0x0000d4a4                srand
 .text.avr-libc
                0x0000d4ba        0xe c:/program files (x86)/atmel/studio/7.0/toolchain/avr8/avr8-gnu-toolchain/bin/../lib/gcc/avr/5.4.0/../../../../avr/lib/avr5\libc.a(memset.o)
                0x0000d4ba                memset
 .text.avr-libc
                0x0000d4c8        0xe c:/program files (x86)/atmel/studio/7.0/toolchain/avr8/avr8-gnu-toolchain/bin/../lib/gcc/avr/5.4.0/../../../../avr/lib/avr5\libc.a(strcpy.o)
                0x0000d4c8                strcpy
 .text.avr-libc
                0x0000d4d6       0x44 c:/program files (x86)/atmel/studio/7.0/toolchain/avr8/avr8-gnu-toolchain/bin/../lib/gcc/avr/5.4.0/../../../../avr/lib/avr5\libc.a(sprintf.o)
                0x0000d4d6                sprintf
 .text.avr-libc
                0x0000d51a      0x3c2 c:/program files (x86)/atmel/studio/7.0/toolchain/avr8/avr8-gnu-toolchain/bin/../lib/gcc/avr/5.4.0/../../../../avr/lib/avr5\libc.a(vfprintf_std.o)
                0x0000d51a                vfprintf
 .text.avr-libc
                0x0000d8dc       0x16 c:/program files (x86)/atmel/studio/7.0/toolchain/avr8/avr8-gnu-toolchain/bin/../lib/gcc/avr/5.4.0/../../../../avr/lib/avr5\libc.a(strnlen_P.o)
                0x0000d8dc                strnlen_P
 .text.avr-libc
                0x0000d8f2       0x16 c:/program files (x86)/atmel/studio/7.0/toolchain/avr8/avr8-gnu-toolchain/bin/../lib/gcc/avr/5.4.0/../../../../avr/lib/avr5\libc.a(strnlen.o)
                0x0000d8f2                strnlen
 .text.avr-libc
                0x0000d908       0x78 c:/program files (x86)/atmel/studio/7.0/toolchain/avr8/avr8-gnu-toolchain/bin/../lib/gcc/avr/5.4.0/../../../../avr/lib/avr5\libc.a(fputc.o)
                0x0000d908                fputc
 .text.avr-libc
                0x0000d980       0xbc c:/program files (x86)/atmel/studio/7.0/toolchain/avr8/avr8-gnu-toolchain/bin/../lib/gcc/avr/5.4.0/../../../../avr/lib/avr5\libc.a(ultoa_invert.o)
                0x0000d980                __ultoa_invert
 .text.avr-libc
                0x0000da3c       0x20 C:/Program Files (x86)/Atmel/Studio/7.0/Packs/atmel/ATmega_DFP/1.6.364/gcc/dev/atmega64/avr5\libatmega64.a(eerd_block.o)
                0x0000da3c                eeprom_read_block
                0x0000da40                eeprom_read_blraw
 .text.avr-libc
                0x0000da5c        0xc C:/Program Files (x86)/Atmel/Studio/7.0/Packs/atmel/ATmega_DFP/1.6.364/gcc/dev/atmega64/avr5\libatmega64.a(eerd_word.o)
                0x0000da5c                eeprom_read_word
 .text.libgcc.mul
                0x0000da68       0x10 c:/program files (x86)/atmel/studio/7.0/toolchain/avr8/avr8-gnu-toolchain/bin/../lib/gcc/avr/5.4.0/avr5\libgcc.a(_mulshisi3.o)
                0x0000da68                __mulshisi3
                0x0000da6e                __mulohisi3
 .text.libgcc.prologue
                0x0000da78       0x38 c:/program files (x86)/atmel/studio/7.0/toolchain/avr8/avr8-gnu-toolchain/bin/../lib/gcc/avr/5.4.0/avr5\libgcc.a(_prologue.o)
                0x0000da78                __prologue_saves__
 .text.libgcc.prologue
                0x0000dab0       0x36 c:/program files (x86)/atmel/studio/7.0/toolchain/avr8/avr8-gnu-toolchain/bin/../lib/gcc/avr/5.4.0/avr5\libgcc.a(_epilogue.o)
                0x0000dab0                __epilogue_restores__
                0x0000dae6                . = ALIGN (0x2)
 *(.fini9)
 .fini9         0x0000dae6        0x0 c:/program files (x86)/atmel/studio/7.0/toolchain/avr8/avr8-gnu-toolchain/bin/../lib/gcc/avr/5.4.0/avr5\libgcc.a(_exit.o)
                0x0000dae6                _exit
                0x0000dae6                exit
 *(.fini9)
 *(.fini8)
 *(.fini8)
 *(.fini7)
 *(.fini7)
 *(.fini6)
 .fini6         0x0000dae6       0x16 c:/program files (x86)/atmel/studio/7.0/toolchain/avr8/avr8-gnu-toolchain/bin/../lib/gcc/avr/5.4.0/avr5\libgcc.a(_dtors.o)
                0x0000dae6                __do_global_dtors
 *(.fini6)
 *(.fini5)
 *(.fini5)
 *(.fini4)
 *(.fini4)
 *(.fini3)
 *(.fini3)
 *(.fini2)
 *(.fini2)
 *(.fini1)
 *(.fini1)
 *(.fini0)
 .fini0         0x0000dafc        0x4 c:/program files (x86)/atmel/studio/7.0/toolchain/avr8/avr8-gnu-toolchain/bin/../lib/gcc/avr/5.4.0/avr5\libgcc.a(_exit.o)
 *(.fini0)
                0x0000db00                _etext = .

.data           0x00800100      0x1e2 load address 0x0000db00
                0x00800100                PROVIDE (__data_start, .)
 *(.data)
 .data          0x00800100        0x4 c:/program files (x86)/atmel/studio/7.0/toolchain/avr8/avr8-gnu-toolchain/bin/../lib/gcc/avr/5.4.0/../../../../avr/lib/avr5\libc.a(rand.o)
 *(.data*)
 .data._ZZ28TEAD_showGameOverAndMessagesbE5event
                0x00800104        0x1 _TEAD_Aliens.o
 .data._ZZ22TEAD_processCannonMovevE10pCountComp
                0x00800105        0x1 _TEAD_Aliens.o
 .data._ZZ19TEAD_initializeGamebbbE11bOnlyOnTime
                0x00800106        0x1 _TEAD_Aliens.o
 .data.dayOfMonth
                0x00800107        0xd _TEAD_Aliens.o
                0x00800107                dayOfMonth
 .data._ZZN9class_RTCC4EvE10initialize
                0x00800114        0x1 _RTC.o
 .data._ZZN11class_TimerC4EvE5bInit
                0x00800115        0x1 _Timer.o
 *(.gnu.linkonce.d*)
 *(.rodata)
 .rodata        0x00800116        0x8 _LED_Driver.o
 *(.rodata*)
 .rodata.CSWTCH.14
                0x0080011e       0x40 _Kbd_Driver.o
 .rodata.CSWTCH.13
                0x0080015e       0x41 _Kbd_Driver.o
 .rodata.CSWTCH.93
                0x0080019f        0x4 _LED_Driver.o
 .rodata.CSWTCH.91
                0x008001a3        0x4 _LED_Driver.o
 .rodata.str1.1
                0x008001a7      0x132 _TEAD_Aliens.o
                                0x137 (size before relaxing)
 .rodata._ZL8weekDays
                0x008002d9        0x8 _TEAD_Aliens.o
 *(.gnu.linkonce.r*)
                0x008002e2                . = ALIGN (0x2)
 *fill*         0x008002e1        0x1 
                0x008002e2                _edata = .
                0x008002e2                PROVIDE (__data_end, .)

.bss            0x008002e2      0x67f
                0x008002e2                PROVIDE (__bss_start, .)
 *(.bss)
 *(.bss*)
 .bss._ZZN9class_ADCC4EvE10initialize
                0x008002e2        0x1 _ADC_Driver.o
 .bss._adc      0x008002e3        0x5 _ADC_Driver.o
 .bss._i2c      0x008002e8        0x2 _I2C_Driver.o
 .bss._Kbd      0x008002ea        0x1 _Kbd_Driver.o
                0x008002ea                _Kbd
 .bss._ZZN9class_LED7processEvE6column
                0x008002eb        0x1 _LED_Driver.o
 .bss._ZZN9class_LEDC4E11RefreshModeE10initialize
                0x008002ec        0x1 _LED_Driver.o
 .bss._led      0x008002ed       0x85 _LED_Driver.o
 .bss._ZZ21TEAD_processShipsMovevE10bStepSound
                0x00800372        0x1 _TEAD_Aliens.o
 .bss._ZZ22TEAD_processCannonMovevE6pCount
                0x00800373        0x1 _TEAD_Aliens.o
 .bss._ZZ14TEAD_drawLivesvE6tFlash
                0x00800374        0x4 _TEAD_Aliens.o
 .bss._cobra    0x00800378      0x102 _TEAD_Aliens.o
 .bss._tead     0x0080047a      0x330 _TEAD_Aliens.o
 .bss.adc       0x008007aa        0x1 _TEAD_Aliens.o
                0x008007aa                adc
 .bss.rtc       0x008007ab        0x1 _TEAD_Aliens.o
                0x008007ab                rtc
 .bss.wave      0x008007ac        0x1 _TEAD_Aliens.o
                0x008007ac                wave
 .bss.kbd       0x008007ad        0x1 _TEAD_Aliens.o
                0x008007ad                kbd
 .bss.led       0x008007ae        0x1 _TEAD_Aliens.o
                0x008007ae                led
 .bss.timer     0x008007af        0x1 _TEAD_Aliens.o
                0x008007af                timer
 .bss.result    0x008007b0        0x1 _RTC.o
                0x008007b0                result
 .bss._RTC      0x008007b1       0x29 _RTC.o
                0x008007b1                _RTC
 .bss._ZL6_timer
                0x008007da        0x8 _Timer.o
 .bss._usartDriver
                0x008007e2       0xa8 _USART_Driver.o
                0x008007e2                _usartDriver
 .bss._ZZN10class_Wave12SoundProcessEvE10squareWave
                0x0080088a        0x1 _Wave_Driver.o
 .bss._ZZN10class_Wave12SoundProcessEvE4sqrP
                0x0080088b        0x2 _Wave_Driver.o
 .bss._ZZN10class_Wave10InitializeEvE10initialize
                0x0080088d        0x1 _Wave_Driver.o
 .bss._Wave     0x0080088e       0xd3 _Wave_Driver.o
                0x0080088e                _Wave
 *(COMMON)
                0x00800961                PROVIDE (__bss_end, .)
                0x0000db00                __data_load_start = LOADADDR (.data)
                0x0000dce2                __data_load_end = (__data_load_start + SIZEOF (.data))

.noinit         0x00800961        0x0
                [!provide]                PROVIDE (__noinit_start, .)
 *(.noinit*)
                [!provide]                PROVIDE (__noinit_end, .)
                0x00800961                _end = .
                [!provide]                PROVIDE (__heap_start, .)

.eeprom         0x00810000       0x1e
 *(.eeprom*)
 .eeprom        0x00810000       0x1e _TEAD_Aliens.o
                0x00810000                e_Scores
                0x0081001e                __eeprom_end = .

.fuse
 *(.fuse)
 *(.lfuse)
 *(.hfuse)
 *(.efuse)

.lock
 *(.lock*)

.signature
 *(.signature*)

.user_signatures
 *(.user_signatures*)

.stab
 *(.stab)

.stabstr
 *(.stabstr)

.stab.excl
 *(.stab.excl)

.stab.exclstr
 *(.stab.exclstr)

.stab.index
 *(.stab.index)

.stab.indexstr
 *(.stab.indexstr)

.comment        0x00000000       0x5c
 *(.comment)
 .comment       0x00000000       0x30 _ADC_Driver.o
                                 0x31 (size before relaxing)
 .comment       0x00000030       0x31 _I2C_Driver.o
 .comment       0x00000030       0x31 _Kbd_Driver.o
 .comment       0x00000030       0x31 _LED_Driver.o
 .comment       0x00000030       0x31 _TEAD_Aliens.o
 .comment       0x00000030       0x31 _RTC.o
 .comment       0x00000030       0x31 _Timer.o
 .comment       0x00000030       0x31 _USART_Driver.o
 .comment       0x00000030       0x31 _Wave_Driver.o
 .comment       0x00000030       0x31 __Main.o
 .comment       0x00000030       0x31 c:/program files (x86)/atmel/studio/7.0/toolchain/avr8/avr8-gnu-toolchain/bin/../lib/gcc/avr/5.4.0/../../../../avr/lib/avr5\libc.a(rand.o)
 .comment       0x00000030       0x31 c:/program files (x86)/atmel/studio/7.0/toolchain/avr8/avr8-gnu-toolchain/bin/../lib/gcc/avr/5.4.0/../../../../avr/lib/avr5\libc.a(sprintf.o)
 .comment       0x00000030       0x2c c:/program files (x86)/atmel/studio/7.0/toolchain/avr8/avr8-gnu-toolchain/bin/../lib/gcc/avr/5.4.0/../../../../avr/lib/avr5\libc.a(vfprintf_std.o)
                                 0x2d (size before relaxing)
 .comment       0x0000005c       0x31 c:/program files (x86)/atmel/studio/7.0/toolchain/avr8/avr8-gnu-toolchain/bin/../lib/gcc/avr/5.4.0/../../../../avr/lib/avr5\libc.a(fputc.o)

.note.gnu.avr.deviceinfo
                0x00000000       0x3c
 .note.gnu.avr.deviceinfo
                0x00000000       0x3c C:/Program Files (x86)/Atmel/Studio/7.0/Packs/atmel/ATmega_DFP/1.6.364/gcc/dev/atmega64/avr5/crtatmega64.o

.note.gnu.build-id
 *(.note.gnu.build-id)

.debug
 *(.debug)

.line
 *(.line)

.debug_srcinfo
 *(.debug_srcinfo)

.debug_sfnames
 *(.debug_sfnames)

.debug_aranges  0x00000000      0x7f0
 *(.debug_aranges)
 .debug_aranges
                0x00000000       0x88 _ADC_Driver.o
 .debug_aranges
                0x00000088       0x90 _I2C_Driver.o
 .debug_aranges
                0x00000118       0x60 _Kbd_Driver.o
 .debug_aranges
                0x00000178      0x1a0 _LED_Driver.o
 .debug_aranges
                0x00000318      0x160 _TEAD_Aliens.o
 .debug_aranges
                0x00000478       0xe8 _RTC.o
 .debug_aranges
                0x00000560       0x88 _Timer.o
 .debug_aranges
                0x000005e8       0xc8 _USART_Driver.o
 .debug_aranges
                0x000006b0       0xe0 _Wave_Driver.o
 .debug_aranges
                0x00000790       0x20 __Main.o
 .debug_aranges
                0x000007b0       0x20 C:/Program Files (x86)/Atmel/Studio/7.0/Packs/atmel/ATmega_DFP/1.6.364/gcc/dev/atmega64/avr5\libatmega64.a(eerd_block.o)
 .debug_aranges
                0x000007d0       0x20 C:/Program Files (x86)/Atmel/Studio/7.0/Packs/atmel/ATmega_DFP/1.6.364/gcc/dev/atmega64/avr5\libatmega64.a(eerd_word.o)

.debug_pubnames
 *(.debug_pubnames)

.debug_info     0x00000000    0x105b1
 *(.debug_info .gnu.linkonce.wi.*)
 .debug_info    0x00000000      0x780 C:/Program Files (x86)/Atmel/Studio/7.0/Packs/atmel/ATmega_DFP/1.6.364/gcc/dev/atmega64/avr5/crtatmega64.o
 .debug_info    0x00000780      0xc5f _ADC_Driver.o
 .debug_info    0x000013df      0x7e6 _I2C_Driver.o
 .debug_info    0x00001bc5      0x8e6 _Kbd_Driver.o
 .debug_info    0x000024ab     0x2864 _LED_Driver.o
 .debug_info    0x00004d0f     0x73f5 _TEAD_Aliens.o
 .debug_info    0x0000c104     0x191b _RTC.o
 .debug_info    0x0000da1f      0x708 _Timer.o
 .debug_info    0x0000e127     0x10b3 _USART_Driver.o
 .debug_info    0x0000f1da     0x11e4 _Wave_Driver.o
 .debug_info    0x000103be       0xc2 __Main.o
 .debug_info    0x00010480       0x99 C:/Program Files (x86)/Atmel/Studio/7.0/Packs/atmel/ATmega_DFP/1.6.364/gcc/dev/atmega64/avr5\libatmega64.a(eerd_block.o)
 .debug_info    0x00010519       0x98 C:/Program Files (x86)/Atmel/Studio/7.0/Packs/atmel/ATmega_DFP/1.6.364/gcc/dev/atmega64/avr5\libatmega64.a(eerd_word.o)

.debug_abbrev   0x00000000     0x2f44
 *(.debug_abbrev)
 .debug_abbrev  0x00000000      0x718 C:/Program Files (x86)/Atmel/Studio/7.0/Packs/atmel/ATmega_DFP/1.6.364/gcc/dev/atmega64/avr5/crtatmega64.o
 .debug_abbrev  0x00000718      0x395 _ADC_Driver.o
 .debug_abbrev  0x00000aad      0x371 _I2C_Driver.o
 .debug_abbrev  0x00000e1e      0x330 _Kbd_Driver.o
 .debug_abbrev  0x0000114e      0x5fa _LED_Driver.o
 .debug_abbrev  0x00001748      0x732 _TEAD_Aliens.o
 .debug_abbrev  0x00001e7a      0x56a _RTC.o
 .debug_abbrev  0x000023e4      0x2b6 _Timer.o
 .debug_abbrev  0x0000269a      0x33c _USART_Driver.o
 .debug_abbrev  0x000029d6      0x4ca _Wave_Driver.o
 .debug_abbrev  0x00002ea0       0x7c __Main.o
 .debug_abbrev  0x00002f1c       0x14 C:/Program Files (x86)/Atmel/Studio/7.0/Packs/atmel/ATmega_DFP/1.6.364/gcc/dev/atmega64/avr5\libatmega64.a(eerd_block.o)
 .debug_abbrev  0x00002f30       0x14 C:/Program Files (x86)/Atmel/Studio/7.0/Packs/atmel/ATmega_DFP/1.6.364/gcc/dev/atmega64/avr5\libatmega64.a(eerd_word.o)

.debug_line     0x00000000     0x5c81
 *(.debug_line .debug_line.* .debug_line_end)
 .debug_line    0x00000000      0x16a C:/Program Files (x86)/Atmel/Studio/7.0/Packs/atmel/ATmega_DFP/1.6.364/gcc/dev/atmega64/avr5/crtatmega64.o
 .debug_line    0x0000016a      0x4ce _ADC_Driver.o
 .debug_line    0x00000638      0x3fb _I2C_Driver.o
 .debug_line    0x00000a33      0x2bc _Kbd_Driver.o
 .debug_line    0x00000cef      0xd4f _LED_Driver.o
 .debug_line    0x00001a3e     0x28e0 _TEAD_Aliens.o
 .debug_line    0x0000431e      0x850 _RTC.o
 .debug_line    0x00004b6e      0x2af _Timer.o
 .debug_line    0x00004e1d      0x6ea _USART_Driver.o
 .debug_line    0x00005507      0x608 _Wave_Driver.o
 .debug_line    0x00005b0f       0x60 __Main.o
 .debug_line    0x00005b6f       0xab C:/Program Files (x86)/Atmel/Studio/7.0/Packs/atmel/ATmega_DFP/1.6.364/gcc/dev/atmega64/avr5\libatmega64.a(eerd_block.o)
 .debug_line    0x00005c1a       0x67 C:/Program Files (x86)/Atmel/Studio/7.0/Packs/atmel/ATmega_DFP/1.6.364/gcc/dev/atmega64/avr5\libatmega64.a(eerd_word.o)

.debug_frame    0x00000000     0x1ad4
 *(.debug_frame)
 .debug_frame   0x00000000      0x1ac _ADC_Driver.o
 .debug_frame   0x000001ac      0x138 _I2C_Driver.o
 .debug_frame   0x000002e4       0xd0 _Kbd_Driver.o
 .debug_frame   0x000003b4      0x5fc _LED_Driver.o
 .debug_frame   0x000009b0      0x768 _TEAD_Aliens.o
 .debug_frame   0x00001118      0x300 _RTC.o
 .debug_frame   0x00001418      0x19c _Timer.o
 .debug_frame   0x000015b4      0x2c4 _USART_Driver.o
 .debug_frame   0x00001878      0x238 _Wave_Driver.o
 .debug_frame   0x00001ab0       0x24 __Main.o

.debug_str      0x00000000     0x39f8
 *(.debug_str)
 .debug_str     0x00000000      0x27e C:/Program Files (x86)/Atmel/Studio/7.0/Packs/atmel/ATmega_DFP/1.6.364/gcc/dev/atmega64/avr5/crtatmega64.o
 .debug_str     0x0000027e      0x796 _ADC_Driver.o
                                0x859 (size before relaxing)
 .debug_str     0x00000a14      0x29e _I2C_Driver.o
                                0x55e (size before relaxing)
 .debug_str     0x00000cb2      0x1a1 _Kbd_Driver.o
                                0x6b7 (size before relaxing)
 .debug_str     0x00000e53      0xa5d _LED_Driver.o
                                0xf69 (size before relaxing)
 .debug_str     0x000018b0     0x161c _TEAD_Aliens.o
                               0x271d (size before relaxing)
 .debug_str     0x00002ecc      0x16d _RTC.o
                                0xc29 (size before relaxing)
 .debug_str     0x00003039      0x10d _Timer.o
                                0x5a0 (size before relaxing)
 .debug_str     0x00003146      0x5c2 _USART_Driver.o
                                0xac0 (size before relaxing)
 .debug_str     0x00003708      0x23f _Wave_Driver.o
                                0xb8f (size before relaxing)
 .debug_str     0x00003947       0xb1 __Main.o
                                0x253 (size before relaxing)

.debug_loc      0x00000000     0x88c7
 *(.debug_loc)
 .debug_loc     0x00000000      0x7f0 _ADC_Driver.o
 .debug_loc     0x000007f0      0x386 _I2C_Driver.o
 .debug_loc     0x00000b76      0x28f _Kbd_Driver.o
 .debug_loc     0x00000e05     0x2984 _LED_Driver.o
 .debug_loc     0x00003789     0x2715 _TEAD_Aliens.o
 .debug_loc     0x00005e9e      0xeb9 _RTC.o
 .debug_loc     0x00006d57      0x492 _Timer.o
 .debug_loc     0x000071e9      0xc41 _USART_Driver.o
 .debug_loc     0x00007e2a      0xa9d _Wave_Driver.o

.debug_macinfo
 *(.debug_macinfo)

.debug_weaknames
 *(.debug_weaknames)

.debug_funcnames
 *(.debug_funcnames)

.debug_typenames
 *(.debug_typenames)

.debug_varnames
 *(.debug_varnames)

.debug_pubtypes
 *(.debug_pubtypes)

.debug_ranges   0x00000000      0xac0
 *(.debug_ranges)
 .debug_ranges  0x00000000       0x78 _ADC_Driver.o
 .debug_ranges  0x00000078       0x80 _I2C_Driver.o
 .debug_ranges  0x000000f8       0x50 _Kbd_Driver.o
 .debug_ranges  0x00000148      0x2f8 _LED_Driver.o
 .debug_ranges  0x00000440      0x398 _TEAD_Aliens.o
 .debug_ranges  0x000007d8       0xd8 _RTC.o
 .debug_ranges  0x000008b0       0x78 _Timer.o
 .debug_ranges  0x00000928       0xb8 _USART_Driver.o
 .debug_ranges  0x000009e0       0xd0 _Wave_Driver.o
 .debug_ranges  0x00000ab0       0x10 __Main.o

.debug_macro
 *(.debug_macro)
OUTPUT(Game_TEAD_Aliens_64A.elf elf32-avr)
LOAD linker stubs
